// Jest Snapshot v1, https://goo.gl/fbAQLP

exports[`renders image 1`] = `
<div
  class="makeStyles-root-1 makeStyles-root-5"
>
  <div
    class="makeStyles-container-4"
  >
    <span
      class="MuiSkeleton-root MuiSkeleton-rect MuiSkeleton-wave"
      style="width:100%;height:100%"
    />
  </div>
</div>
`;
